17
606
1157
1792
880
2324
914
2616
2728
942
2912
3223
3467
968
962
3549
971
3715
974
988
3958
960
984
3928
988
4195
4267
4172
4172
4222
