7
473
799
888
1093
1106
277
1173
1221
1251
1268
1287
1334
274
1401
272
289
285
1396
1367
1407
279
288
1414
293
1439
292
1419
1439
1429
