8
4983
8443
4377
12407
13795
15036
15617
4802
17467
17968
4847
4850
19407
4908
19876
20520
20862
4933
21221
14238
13642
11502
10712
7704
11984
10476
17316
6904
9958
