1217
1208
1432
1425
1441
1450
1436
1428
1444
1434
1433
1434
1459
1453
1426
1441
1430
1431
1448
1433
1449
1454
1419
1442
1437
1439
1421
1424
1439
1416
