22
79
94
95
38
95
46
65
27
36
40
11
41
14
56
94
1
28
3
4
79
51
46
27
62
56
2
90
20
41
15
-1
-1
13
74
50
-1
-1
78
49
40
81
-1
