92 100
85 86
103 100
-212
90 100
33 38 39 42 43 46 187 188 862
67 100
-723 -697 -696 -695 -693
111 100
275
3 42
384700 384701
2 2
-219449 -219448
3 16
-47681
3 79
415526
4 93
-722555 -722554
