1
0
1
0
0
1
0
0
0
0
1
1
1
1
13584480
15991360
20018880
12620475
