5

1. step 

9 17 10 11 16 13 6
5 2  6  3  2  4  5

2. step => sort by ring position
6 9 10 11 13 16 17
5 5 6  3  4  2  2

3. try to produce J
(2,6) (7, 11) (10, 15) (11, 13) (13, 16) (16, 17) (17, 19)
