2
impossible
4
3
impossible
7
impossible
impossible
4
impossible
