5
2
1
2
impossible
5
7
6
3
6
5
5
3
3
3
impossible
2
